WORD: if
WORD: else
WORD: while
WORD: for
WORD: x
OPERATOR: =
NUMBER: 42.5
OPERATOR: +
WORD: 1337
STRING: "Hello World\n"
WORD: while
CHAR: (
WORD: x
CHAR: >
WORD: 0
CHAR: )
WORD: x
OPERATOR: =
WORD: x
OPERATOR: -
WORD: 1
WORD: _variable_name
WORD: 12345
CHAR: "
WORD: unterminated
WORD: string
CHAR: @
CHAR: #
CHAR: $
CHAR: &
OPERATOR: *
