comment: /* Copyright (C) 1991, 1996, 1997, 2003 Free Software Foundation, Inc.
   This file is part of the GNU C Library.

   The GNU C Library is free software; you can redistribute it and/or
   modify it under the terms of the GNU Lesser General Public
   License as published by the Free Software Foundation; either
   version 2.1 of the License, or (at your option) any later version.

   The GNU C Library is distributed in the hope that it will be useful,
   but WITHOUT ANY WARRANTY; without even the implied warranty of
   MERCHANTABILITY or FITNESS FOR A PARTICULAR PURPOSE.  See the GNU
   Lesser General Public License for more details.

   You should have received a copy of the GNU Lesser General Public
   License along with the GNU C Library; if not, write to the Free
   Software Foundation, Inc., 59 Temple Place, Suite 330, Boston, MA
   02111-1307 USA.  *
comment: /* Compare no more than N characters of S1 and S2,
   returning less than, equal to or greater than zero
   if S1 is lexicographically less than, equal to or
   greater than S2.  *
token: INT, value: int
token: TYPE_OR_IDENTIFIER, value: strncmp
token: '(', value: (
token: TYPE_OR_IDENTIFIER, value: s1
token: ',', value: ,
token: TYPE_OR_IDENTIFIER, value: s2
token: ',', value: ,
token: TYPE_OR_IDENTIFIER, value: n
token: ')', value: )
token: CONST, value: const
token: CHAR, value: char
token: '*', value: *
token: TYPE_OR_IDENTIFIER, value: s1
token: ';', value: ;
token: CONST, value: const
token: CHAR, value: char
token: '*', value: *
token: TYPE_OR_IDENTIFIER, value: s2
token: ';', value: ;
token: TYPE_OR_IDENTIFIER, value: size_t
token: TYPE_OR_IDENTIFIER, value: n
token: ';', value: ;
token: '{', value: {
token: UNSIGNED, value: unsigned
token: TYPE_OR_IDENTIFIER, value: reg_char
token: TYPE_OR_IDENTIFIER, value: c1
token: '=', value: =
token: I_CONSTANT, value: '\0'
token: ';', value: ;
token: UNSIGNED, value: unsigned
token: TYPE_OR_IDENTIFIER, value: reg_char
token: TYPE_OR_IDENTIFIER, value: c2
token: '=', value: =
token: I_CONSTANT, value: '\0'
token: ';', value: ;
token: IF, value: if
token: '(', value: (
token: TYPE_OR_IDENTIFIER, value: n
token: GE_OP, value: >=
token: I_CONSTANT, value: 4
token: ')', value: )
token: '{', value: {
token: TYPE_OR_IDENTIFIER, value: size_t
token: TYPE_OR_IDENTIFIER, value: n4
token: '=', value: =
token: TYPE_OR_IDENTIFIER, value: n
token: RIGHT_OP, value: >>
token: I_CONSTANT, value: 2
token: ';', value: ;
token: DO, value: do
token: '{', value: {
token: TYPE_OR_IDENTIFIER, value: c1
token: '=', value: =
token: '(', value: (
token: UNSIGNED, value: unsigned
token: CHAR, value: char
token: ')', value: )
token: '*', value: *
token: TYPE_OR_IDENTIFIER, value: s1
token: INC_OP, value: ++
token: ';', value: ;
token: TYPE_OR_IDENTIFIER, value: c2
token: '=', value: =
token: '(', value: (
token: UNSIGNED, value: unsigned
token: CHAR, value: char
token: ')', value: )
token: '*', value: *
token: TYPE_OR_IDENTIFIER, value: s2
token: INC_OP, value: ++
token: ';', value: ;
token: IF, value: if
token: '(', value: (
token: TYPE_OR_IDENTIFIER, value: c1
token: EQ_OP, value: ==
token: I_CONSTANT, value: '\0'
token: OR_OP, value: ||
token: TYPE_OR_IDENTIFIER, value: c1
token: NE_OP, value: !=
token: TYPE_OR_IDENTIFIER, value: c2
token: ')', value: )
token: RETURN, value: return
token: TYPE_OR_IDENTIFIER, value: c1
token: '-', value: -
token: TYPE_OR_IDENTIFIER, value: c2
token: ';', value: ;
token: TYPE_OR_IDENTIFIER, value: c1
token: '=', value: =
token: '(', value: (
token: UNSIGNED, value: unsigned
token: CHAR, value: char
token: ')', value: )
token: '*', value: *
token: TYPE_OR_IDENTIFIER, value: s1
token: INC_OP, value: ++
token: ';', value: ;
token: TYPE_OR_IDENTIFIER, value: c2
token: '=', value: =
token: '(', value: (
token: UNSIGNED, value: unsigned
token: CHAR, value: char
token: ')', value: )
token: '*', value: *
token: TYPE_OR_IDENTIFIER, value: s2
token: INC_OP, value: ++
token: ';', value: ;
token: IF, value: if
token: '(', value: (
token: TYPE_OR_IDENTIFIER, value: c1
token: EQ_OP, value: ==
token: I_CONSTANT, value: '\0'
token: OR_OP, value: ||
token: TYPE_OR_IDENTIFIER, value: c1
token: NE_OP, value: !=
token: TYPE_OR_IDENTIFIER, value: c2
token: ')', value: )
token: RETURN, value: return
token: TYPE_OR_IDENTIFIER, value: c1
token: '-', value: -
token: TYPE_OR_IDENTIFIER, value: c2
token: ';', value: ;
token: TYPE_OR_IDENTIFIER, value: c1
token: '=', value: =
token: '(', value: (
token: UNSIGNED, value: unsigned
token: CHAR, value: char
token: ')', value: )
token: '*', value: *
token: TYPE_OR_IDENTIFIER, value: s1
token: INC_OP, value: ++
token: ';', value: ;
token: TYPE_OR_IDENTIFIER, value: c2
token: '=', value: =
token: '(', value: (
token: UNSIGNED, value: unsigned
token: CHAR, value: char
token: ')', value: )
token: '*', value: *
token: TYPE_OR_IDENTIFIER, value: s2
token: INC_OP, value: ++
token: ';', value: ;
token: IF, value: if
token: '(', value: (
token: TYPE_OR_IDENTIFIER, value: c1
token: EQ_OP, value: ==
token: I_CONSTANT, value: '\0'
token: OR_OP, value: ||
token: TYPE_OR_IDENTIFIER, value: c1
token: NE_OP, value: !=
token: TYPE_OR_IDENTIFIER, value: c2
token: ')', value: )
token: RETURN, value: return
token: TYPE_OR_IDENTIFIER, value: c1
token: '-', value: -
token: TYPE_OR_IDENTIFIER, value: c2
token: ';', value: ;
token: TYPE_OR_IDENTIFIER, value: c1
token: '=', value: =
token: '(', value: (
token: UNSIGNED, value: unsigned
token: CHAR, value: char
token: ')', value: )
token: '*', value: *
token: TYPE_OR_IDENTIFIER, value: s1
token: INC_OP, value: ++
token: ';', value: ;
token: TYPE_OR_IDENTIFIER, value: c2
token: '=', value: =
token: '(', value: (
token: UNSIGNED, value: unsigned
token: CHAR, value: char
token: ')', value: )
token: '*', value: *
token: TYPE_OR_IDENTIFIER, value: s2
token: INC_OP, value: ++
token: ';', value: ;
token: IF, value: if
token: '(', value: (
token: TYPE_OR_IDENTIFIER, value: c1
token: EQ_OP, value: ==
token: I_CONSTANT, value: '\0'
token: OR_OP, value: ||
token: TYPE_OR_IDENTIFIER, value: c1
token: NE_OP, value: !=
token: TYPE_OR_IDENTIFIER, value: c2
token: ')', value: )
token: RETURN, value: return
token: TYPE_OR_IDENTIFIER, value: c1
token: '-', value: -
token: TYPE_OR_IDENTIFIER, value: c2
token: ';', value: ;
token: '}', value: }
token: WHILE, value: while
token: '(', value: (
token: DEC_OP, value: --
token: TYPE_OR_IDENTIFIER, value: n4
token: '>', value: >
token: I_CONSTANT, value: 0
token: ')', value: )
token: ';', value: ;
token: TYPE_OR_IDENTIFIER, value: n
token: AND_ASSIGN, value: &=
token: I_CONSTANT, value: 3
token: ';', value: ;
token: '}', value: }
token: WHILE, value: while
token: '(', value: (
token: TYPE_OR_IDENTIFIER, value: n
token: '>', value: >
token: I_CONSTANT, value: 0
token: ')', value: )
token: '{', value: {
token: TYPE_OR_IDENTIFIER, value: c1
token: '=', value: =
token: '(', value: (
token: UNSIGNED, value: unsigned
token: CHAR, value: char
token: ')', value: )
token: '*', value: *
token: TYPE_OR_IDENTIFIER, value: s1
token: INC_OP, value: ++
token: ';', value: ;
token: TYPE_OR_IDENTIFIER, value: c2
token: '=', value: =
token: '(', value: (
token: UNSIGNED, value: unsigned
token: CHAR, value: char
token: ')', value: )
token: '*', value: *
token: TYPE_OR_IDENTIFIER, value: s2
token: INC_OP, value: ++
token: ';', value: ;
token: IF, value: if
token: '(', value: (
token: TYPE_OR_IDENTIFIER, value: c1
token: EQ_OP, value: ==
token: I_CONSTANT, value: '\0'
token: OR_OP, value: ||
token: TYPE_OR_IDENTIFIER, value: c1
token: NE_OP, value: !=
token: TYPE_OR_IDENTIFIER, value: c2
token: ')', value: )
token: RETURN, value: return
token: TYPE_OR_IDENTIFIER, value: c1
token: '-', value: -
token: TYPE_OR_IDENTIFIER, value: c2
token: ';', value: ;
token: TYPE_OR_IDENTIFIER, value: n
token: DEC_OP, value: --
token: ';', value: ;
token: '}', value: }
token: RETURN, value: return
token: TYPE_OR_IDENTIFIER, value: c1
token: '-', value: -
token: TYPE_OR_IDENTIFIER, value: c2
token: ';', value: ;
token: '}', value: }
token: TYPE_OR_IDENTIFIER, value: libc_hidden_builtin_def
token: '(', value: (
token: TYPE_OR_IDENTIFIER, value: strncmp
token: ')', value: )
